                                          The SAS System      13:42 Wednesday, January 5, 2011  17

------------------------------------------- region=ROW -------------------------------------------

                                      The RSQUARE Procedure
                                          Model: MODEL1
                                    Dependent Variable: maize

                                    R-Square Selection Method

                             Number of Observations Read          47
                             Number of Observations Used          47



              Number in
                Model      R-Square        C(p)            MSE    Variables in Model

                     1       0.9284     53.2653    2.49127E-13    GDP
                     1       0.7477    296.2122    8.77854E-13    GDPsq
                     1       0.5437    570.5274    1.58776E-12    GDPcu
              ----------------------------------------------------------------------
                     2       0.9677      2.4802     1.1508E-13    GDP GDPcu
                     2       0.9651      5.8701    1.24053E-13    GDP GDPsq
                     2       0.9515     24.1668    1.72479E-13    GDPsq GDPcu
              ----------------------------------------------------------------------
                     3       0.9680      4.0000    1.16456E-13    GDP GDPsq GDPcu


                                          The SAS System      13:42 Wednesday, January 5, 2011  18

------------------------------------------- region=US --------------------------------------------

                                      The RSQUARE Procedure
                                          Model: MODEL1
                                    Dependent Variable: maize

                                    R-Square Selection Method

                             Number of Observations Read          47
                             Number of Observations Used          47



              Number in
                Model      R-Square        C(p)            MSE    Variables in Model

                     1       0.7521     60.2488    2.13538E-12    GDP
                     1       0.5847    130.0088    3.57815E-12    GDPsq
                     1       0.4199    198.6264    4.99729E-12    GDPcu
              ----------------------------------------------------------------------
                     2       0.8946      2.8925    9.28411E-13    GDPsq GDPcu
                     2       0.8605     17.1231    1.22942E-12    GDP GDPcu
                     2       0.8395     25.8524    1.41406E-12    GDP GDPsq
              ----------------------------------------------------------------------
                     3       0.8968      4.0000    9.30685E-13    GDP GDPsq GDPcu


                                          The SAS System      13:42 Wednesday, January 5, 2011  19

------------------------------------------- region=ROW -------------------------------------------

                                      The RSQUARE Procedure
                                          Model: MODEL1
                                    Dependent Variable: wheat

                                    R-Square Selection Method

                             Number of Observations Read          47
                             Number of Observations Used          47



              Number in
                Model      R-Square        C(p)            MSE    Variables in Model

                     1       0.6367    193.6176     1.2095E-11    GDP
                     1       0.3670    369.2961     2.1075E-11    GDPsq
                     1       0.1939    482.0156    2.68368E-11    GDPcu
              ----------------------------------------------------------------------
                     2       0.9220      9.7780    2.65457E-12    GDP GDPsq
                     2       0.8932     28.5892    3.63798E-12    GDP GDPcu
                     2       0.7855     98.7352    7.30506E-12    GDPsq GDPcu
              ----------------------------------------------------------------------
                     3       0.9340      4.0000    2.30023E-12    GDP GDPsq GDPcu


                                          The SAS System      13:42 Wednesday, January 5, 2011  20

------------------------------------------- region=US --------------------------------------------

                                      The RSQUARE Procedure
                                          Model: MODEL1
                                    Dependent Variable: wheat

                                    R-Square Selection Method

                             Number of Observations Read          47
                             Number of Observations Used          47



              Number in
                Model      R-Square        C(p)            MSE    Variables in Model

                     1       0.7871     52.4735    1.39843E-11    GDP
                     1       0.6401    118.3514    2.36336E-11    GDPsq
                     1       0.4788    190.6965    3.42303E-11    GDPcu
              ----------------------------------------------------------------------
                     2       0.8980      4.7434    6.85245E-12    GDPsq GDPcu
                     2       0.8587     22.3416     9.4887E-12    GDP GDPcu
                     2       0.8406     30.4617    1.07051E-11    GDP GDPsq
              ----------------------------------------------------------------------
                     3       0.9041      4.0000    6.59129E-12    GDP GDPsq GDPcu


                                          The SAS System      13:42 Wednesday, January 5, 2011  21

------------------------------------------- region=ROW -------------------------------------------

                                      The RSQUARE Procedure
                                          Model: MODEL1
                                    Dependent Variable: rice

                                    R-Square Selection Method

                             Number of Observations Read          47
                             Number of Observations Used          47



              Number in
                Model      R-Square        C(p)            MSE    Variables in Model

                     1       0.5421    142.0352    7.75395E-12    GDP
                     1       0.3047    238.0042    1.17756E-11    GDPsq
                     1       0.1692    292.7567      1.407E-11    GDPcu
              ----------------------------------------------------------------------
                     2       0.8092     36.0886    3.30384E-12    GDP GDPsq
                     2       0.7513     59.5232    4.30819E-12    GDP GDPcu
                     2       0.6024    119.6623    6.88561E-12    GDPsq GDPcu
              ----------------------------------------------------------------------
                     3       0.8936      4.0000    1.88574E-12    GDP GDPsq GDPcu


                                          The SAS System      13:42 Wednesday, January 5, 2011  22

------------------------------------------- region=US --------------------------------------------

                                      The RSQUARE Procedure
                                          Model: MODEL1
                                    Dependent Variable: rice

                                    R-Square Selection Method

                             Number of Observations Read          47
                             Number of Observations Used          47



              Number in
                Model      R-Square        C(p)            MSE    Variables in Model

                     1       0.8995     69.3890     5.6729E-13    GDP
                     1       0.7841    198.4257    1.21861E-12    GDPsq
                     1       0.6290    371.8898    2.09418E-12    GDPcu
              ----------------------------------------------------------------------
                     2       0.9563      7.8627    2.52243E-13    GDPsq GDPcu
                     2       0.9249     42.9779    4.33517E-13    GDP GDPcu
                     2       0.9158     53.1339    4.85946E-13    GDP GDPsq
              ----------------------------------------------------------------------
                     3       0.9616      4.0000     2.2714E-13    GDP GDPsq GDPcu


                                          The SAS System      13:42 Wednesday, January 5, 2011  23

------------------------------------------- region=ROW -------------------------------------------

                                      The RSQUARE Procedure
                                          Model: MODEL1
                                   Dependent Variable: cereal

                                    R-Square Selection Method

                             Number of Observations Read          47
                             Number of Observations Used          47



              Number in
                Model      R-Square        C(p)            MSE    Variables in Model

                     1       0.8173    237.8470    6.65045E-12    GDP
                     1       0.5624    629.8434    1.59329E-11    GDPsq
                     1       0.3589    942.6207    2.33395E-11    GDPcu
              ----------------------------------------------------------------------
                     2       0.9686      7.3152     1.1701E-12    GDP GDPsq
                     2       0.9560     26.6678    1.63879E-12    GDP GDPcu
                     2       0.8834    138.1895    4.33964E-12    GDPsq GDPcu
              ----------------------------------------------------------------------
                     3       0.9720      4.0000     1.0656E-12    GDP GDPsq GDPcu


                                          The SAS System      13:42 Wednesday, January 5, 2011  24

------------------------------------------- region=US --------------------------------------------

                                      The RSQUARE Procedure
                                          Model: MODEL1
                                   Dependent Variable: cereal

                                    R-Square Selection Method

                             Number of Observations Read          47
                             Number of Observations Used          47



              Number in
                Model      R-Square        C(p)            MSE    Variables in Model

                     1       0.3539     11.6671     6.7833E-12    GDP
                     1       0.2368     21.5756     8.0128E-12    GDPsq
                     1       0.1484     29.0540    8.94074E-12    GDPcu
              ----------------------------------------------------------------------
                     2       0.4883      2.2962    5.49446E-12    GDP GDPcu
                     2       0.4875      2.3587    5.50239E-12    GDPsq GDPcu
                     2       0.4785      3.1252    5.59967E-12    GDP GDPsq
              ----------------------------------------------------------------------
                     3       0.4918      4.0000    5.58377E-12    GDP GDPsq GDPcu


                                          The SAS System      13:42 Wednesday, January 5, 2011  25

------------------------------------------- region=ROW -------------------------------------------

                                      The RSQUARE Procedure
                                          Model: MODEL1
                                     Dependent Variable: oil

                                    R-Square Selection Method

                             Number of Observations Read          47
                             Number of Observations Used          47



              Number in
                Model      R-Square        C(p)            MSE    Variables in Model

                     1       0.7842     57.3540    1.32156E-13    GDP
                     1       0.7709     63.5292    1.40288E-13    GDPsq
                     1       0.6263    130.7677    2.28835E-13    GDPcu
              ----------------------------------------------------------------------
                     2       0.8455     30.8165    9.67245E-14    GDPsq GDPcu
                     2       0.7957     53.9924    1.27938E-13    GDP GDPsq
                     2       0.7863     58.3471    1.33803E-13    GDP GDPcu
              ----------------------------------------------------------------------
                     3       0.9075      4.0000    5.92605E-14    GDP GDPsq GDPcu


                                          The SAS System      13:42 Wednesday, January 5, 2011  26

------------------------------------------- region=US --------------------------------------------

                                      The RSQUARE Procedure
                                          Model: MODEL1
                                     Dependent Variable: oil

                                    R-Square Selection Method

                             Number of Observations Read          47
                             Number of Observations Used          47



              Number in
                Model      R-Square        C(p)            MSE    Variables in Model

                     1       0.2268      0.6519    3.60491E-13    GDP
                     1       0.1881      2.8351     3.7852E-13    GDPsq
                     1       0.1502      4.9763    3.96202E-13    GDPcu
              ----------------------------------------------------------------------
                     2       0.2383      2.0010    3.63186E-13    GDP GDPsq
                     2       0.2379      2.0246    3.63386E-13    GDP GDPcu
                     2       0.2315      2.3878    3.66452E-13    GDPsq GDPcu
              ----------------------------------------------------------------------
                     3       0.2384      4.0000    3.71624E-13    GDP GDPsq GDPcu


                                          The SAS System      13:42 Wednesday, January 5, 2011  27

------------------------------------------- region=ROW -------------------------------------------

                                      The RSQUARE Procedure
                                          Model: MODEL1
                                    Dependent Variable: sugar

                                    R-Square Selection Method

                             Number of Observations Read          47
                             Number of Observations Used          47



              Number in
                Model      R-Square        C(p)            MSE    Variables in Model

                     1       0.5783      6.4693    6.58177E-13    GDP
                     1       0.4510     21.4110    8.56972E-13    GDPsq
                     1       0.3082     38.1620    1.07984E-12    GDPcu
              ----------------------------------------------------------------------
                     2       0.6329      2.0709    5.86072E-13    GDPsq GDPcu
                     2       0.6226      3.2816    6.02546E-13    GDP GDPcu
                     2       0.6139      4.3017    6.16427E-13    GDP GDPsq
              ----------------------------------------------------------------------
                     3       0.6335      4.0000    5.98714E-13    GDP GDPsq GDPcu


                                          The SAS System      13:42 Wednesday, January 5, 2011  28

------------------------------------------- region=US --------------------------------------------

                                      The RSQUARE Procedure
                                          Model: MODEL1
                                    Dependent Variable: sugar

                                    R-Square Selection Method

                             Number of Observations Read          47
                             Number of Observations Used          47



              Number in
                Model      R-Square        C(p)            MSE    Variables in Model

                     1       0.8700    479.2113    1.91257E-11    GDP
                     1       0.6666    1296.060    4.90422E-11    GDPsq
                     1       0.4908    2002.177    7.49034E-11    GDPcu
              ----------------------------------------------------------------------
                     2       0.9893      2.0011    1.61068E-12    GDP GDPcu
                     2       0.9865     13.3137    2.03441E-12    GDP GDPsq
                     2       0.9670     91.6462    4.96849E-12    GDPsq GDPcu
              ----------------------------------------------------------------------
                     3       0.9893      4.0000     1.6481E-12    GDP GDPsq GDPcu


                                          The SAS System      13:42 Wednesday, January 5, 2011  29

------------------------------------------- region=ROW -------------------------------------------

                                      The RSQUARE Procedure
                                          Model: MODEL1
                                    Dependent Variable: fiber

                                    R-Square Selection Method

                             Number of Observations Read          47
                             Number of Observations Used          47



              Number in
                Model      R-Square        C(p)            MSE    Variables in Model

                     1       0.0105     14.1807    6.16773E-13    GDP
                     1       0.0086     14.2911    6.17964E-13    GDPcu
                     1       0.0001     14.7812    6.23251E-13    GDPsq
              ----------------------------------------------------------------------
                     2       0.1965      5.4295    5.12188E-13    GDPsq GDPcu
                     2       0.1436      8.4886    5.45935E-13    GDP GDPcu
                     2       0.1004     10.9864    5.73489E-13    GDP GDPsq
              ----------------------------------------------------------------------
                     3       0.2559      4.0000    4.85387E-13    GDP GDPsq GDPcu


                                          The SAS System      13:42 Wednesday, January 5, 2011  30

------------------------------------------- region=US --------------------------------------------

                                      The RSQUARE Procedure
                                          Model: MODEL1
                                    Dependent Variable: fiber

                                    R-Square Selection Method

                             Number of Observations Read          47
                             Number of Observations Used          47



              Number in
                Model      R-Square        C(p)            MSE    Variables in Model

                     1       0.0403      8.3367    4.30687E-11    GDPcu
                     1       0.0359      8.5742     4.3268E-11    GDPsq
                     1       0.0168      9.5922     4.4122E-11    GDP
              ----------------------------------------------------------------------
                     2       0.0809      8.1664    4.21854E-11    GDP GDPsq
                     2       0.0558      9.5092    4.33376E-11    GDP GDPcu
                     2       0.0421     10.2398    4.39644E-11    GDPsq GDPcu
              ----------------------------------------------------------------------
                     3       0.1961      4.0000    3.77526E-11    GDP GDPsq GDPcu


                                          The SAS System      13:42 Wednesday, January 5, 2011  31

------------------------------------------- region=ROW -------------------------------------------

                                      The RSQUARE Procedure
                                          Model: MODEL1
                                    Dependent Variable: other

                                    R-Square Selection Method

                             Number of Observations Read          47
                             Number of Observations Used          47



              Number in
                Model      R-Square        C(p)            MSE    Variables in Model

                     1       0.8448     33.6628    1.17827E-13    GDP
                     1       0.8431     34.4685    1.19066E-13    GDPsq
                     1       0.7120     99.2212    2.18587E-13    GDPcu
              ----------------------------------------------------------------------
                     2       0.8896     13.5198    8.56987E-14    GDPsq GDPcu
                     2       0.8630     26.6578     1.0635E-13    GDP GDPsq
                     2       0.8535     31.3568    1.13736E-13    GDP GDPcu
              ----------------------------------------------------------------------
                     3       0.9129      4.0000    6.91629E-14    GDP GDPsq GDPcu


                                          The SAS System      13:42 Wednesday, January 5, 2011  32

------------------------------------------- region=US --------------------------------------------

                                      The RSQUARE Procedure
                                          Model: MODEL1
                                    Dependent Variable: other

                                    R-Square Selection Method

                             Number of Observations Read          47
                             Number of Observations Used          47



              Number in
                Model      R-Square        C(p)            MSE    Variables in Model

                     1       0.7077      1.7765    2.16543E-13    GDP
                     1       0.6862      5.0664    2.32454E-13    GDPsq
                     1       0.6283     13.9360    2.75348E-13    GDPcu
              ----------------------------------------------------------------------
                     2       0.7126      3.0182    2.17714E-13    GDP GDPcu
                     2       0.7109      3.2813    2.19015E-13    GDP GDPsq
                     2       0.6994      5.0426    2.27727E-13    GDPsq GDPcu
              ----------------------------------------------------------------------
                     3       0.7193      4.0000    2.17624E-13    GDP GDPsq GDPcu


                                          The SAS System      13:42 Wednesday, January 5, 2011  33

------------------------------------------- region=ROW -------------------------------------------

                                      The RSQUARE Procedure
                                          Model: MODEL1
                                     Dependent Variable: vfn

                                    R-Square Selection Method

                             Number of Observations Read          47
                             Number of Observations Used          47



              Number in
                Model      R-Square        C(p)            MSE    Variables in Model

                     1       0.5519     26.8178    1.95128E-10    GDPcu
                     1       0.5068     33.8503    2.14782E-10    GDPsq
                     1       0.3308     61.2766    2.91434E-10    GDP
              ----------------------------------------------------------------------
                     2       0.6354     15.8166    1.62401E-10    GDP GDPsq
                     2       0.5714     25.7864    1.90898E-10    GDP GDPcu
                     2       0.5542     28.4619    1.98545E-10    GDPsq GDPcu
              ----------------------------------------------------------------------
                     3       0.7240      4.0000    1.25767E-10    GDP GDPsq GDPcu


                                          The SAS System      13:42 Wednesday, January 5, 2011  34

------------------------------------------- region=US --------------------------------------------

                                      The RSQUARE Procedure
                                          Model: MODEL1
                                     Dependent Variable: vfn

                                    R-Square Selection Method

                             Number of Observations Read          47
                             Number of Observations Used          47



              Number in
                Model      R-Square        C(p)            MSE    Variables in Model

                     1       0.3746     34.8154    2.96291E-10    GDP
                     1       0.2133     54.8936    3.72741E-10    GDPsq
                     1       0.1107     67.6510    4.21316E-10    GDPcu
              ----------------------------------------------------------------------
                     2       0.6535      2.1089    1.67873E-10    GDP GDPcu
                     2       0.6421      3.5376    1.73436E-10    GDP GDPsq
                     2       0.6384      3.9894    1.75195E-10    GDPsq GDPcu
              ----------------------------------------------------------------------
                     3       0.6544      4.0000    1.71343E-10    GDP GDPsq GDPcu


